malaika@MacBook-Air-de-Malaika claseGit % git init

malaika@MacBook-Air-de-Malaika claseGit % git status
On branch master

No commits yet

Changes to be committed:
  (use "git rm --cached <file>..." to unstage)
	new file:   hola.js

malaika@MacBook-Air-de-Malaika claseGit % git commit -m "primer avance de git, estoy agregando el primer avance de hola.js"
[master (root-commit) f28e26d] primer avance de git, estoy agregando el primer avance de hola.js
 1 file changed, 1 insertion(+)
 create mode 100644 hola.js

malaika@MacBook-Air-de-Malaika claseGit % git status
On branch master
nothing to commit, working tree clean
malaika@MacBook-Air-de-Malaika claseGit % git log
commit f28e26d51db11d04a0cf0661c9a3f70ff471073a (HEAD -> master)
Author: malaikaandrade <malaikaandrade@gmail.com>
Date:   Tue Jul 13 14:25:57 2021 -0500

    primer avance de git, estoy agregando el primer avance de hola.js







     primer avance de git, estoy agregando el primer avance de hola.js
malaika@MacBook-Air-de-Malaika claseGit % git checkout e9d0027a9833ce8f74e1e67a1fb7c8df5d3d43e7
Note: switching to 'e9d0027a9833ce8f74e1e67a1fb7c8df5d3d43e7'.

You are in 'detached HEAD' state. You can look around, make experimental
changes and commit them, and you can discard any commits you make in this
state without impacting any branches by switching back to a branch.

If you want to create a new branch to retain commits you create, you may
do so (now or later) by using -c with the switch command. Example:

  git switch -c <new-branch-name>

Or undo this operation with:

  git switch -

Turn off this advice by setting config variable advice.detachedHead to false

HEAD is now at e9d0027 agregando el archivo adios.js
malaika@MacBook-Air-de-Malaika claseGit % git status
HEAD detached at e9d0027
nothing to commit, working tree clean
malaika@MacBook-Air-de-Malaika claseGit % git log
commit e9d0027a9833ce8f74e1e67a1fb7c8df5d3d43e7 (HEAD)
Author: malaikaandrade <malaikaandrade@gmail.com>
Date:   Tue Jul 13 14:38:52 2021 -0500

    agregando el archivo adios.js

commit 1e5f7764020c3d503897b570a416f5035db601e8
Author: malaikaandrade <malaikaandrade@gmail.com>
Date:   Tue Jul 13 14:30:50 2021 -0500

    segundo avance de git en el archivo de hola.js

commit f28e26d51db11d04a0cf0661c9a3f70ff471073a
Author: malaikaandrade <malaikaandrade@gmail.com>
Date:   Tue Jul 13 14:25:57 2021 -0500

    primer avance de git, estoy agregando el primer avance de hola.js
malaika@MacBook-Air-de-Malaika claseGit % git checkout . 
Updated 0 paths from the index
malaika@MacBook-Air-de-Malaika claseGit % git log
commit e9d0027a9833ce8f74e1e67a1fb7c8df5d3d43e7 (HEAD)
Author: malaikaandrade <malaikaandrade@gmail.com>
Date:   Tue Jul 13 14:38:52 2021 -0500

    agregando el archivo adios.js

commit 1e5f7764020c3d503897b570a416f5035db601e8
Author: malaikaandrade <malaikaandrade@gmail.com>
Date:   Tue Jul 13 14:30:50 2021 -0500

    segundo avance de git en el archivo de hola.js

commit f28e26d51db11d04a0cf0661c9a3f70ff471073a
Author: malaikaandrade <malaikaandrade@gmail.com>
Date:   Tue Jul 13 14:25:57 2021 -0500

    primer avance de git, estoy agregando el primer avance de hola.js
malaika@MacBook-Air-de-Malaika claseGit % git checkout master
Previous HEAD position was e9d0027 agregando el archivo adios.js
Switched to branch 'master'
malaika@MacBook-Air-de-Malaika claseGit % git log
commit 8c4031a89e31e0c59b616c2a9ca2ce09a4dd5bc5 (HEAD -> master)
Author: malaikaandrade <malaikaandrade@gmail.com>
Date:   Tue Jul 13 14:40:56 2021 -0500

    agregando los avances del archivo hola.js

commit e9d0027a9833ce8f74e1e67a1fb7c8df5d3d43e7
Author: malaikaandrade <malaikaandrade@gmail.com>
Date:   Tue Jul 13 14:38:52 2021 -0500

    agregando el archivo adios.js

commit 1e5f7764020c3d503897b570a416f5035db601e8
Author: malaikaandrade <malaikaandrade@gmail.com>
Date:   Tue Jul 13 14:30:50 2021 -0500

    segundo avance de git en el archivo de hola.js

commit f28e26d51db11d04a0cf0661c9a3f70ff471073a
Author: malaikaandrade <malaikaandrade@gmail.com>
Date:   Tue Jul 13 14:25:57 2021 -0500

    primer avance de git, estoy agregando el primer avance de hola.js


